
> call-cleaner@0.1.0 storybook C:\my-projects\call-cleaner
> storybook dev -p 6006


[90mT[39m  storybook v10.3.6
[90m|[39m
[34m•[39m  Starting...
| [38;2;255;71;133m+[39m[38;2;255;71;133m-[39m[38;2;255;71;133m-[39m[38;2;255;71;133m-[39m[38;2;255;71;133m-[39m[38;2;255;71;133m-[39m[38;2;255;71;133m-[39m[38;2;255;71;133m-[39m[38;2;255;71;133m-[39m[38;2;255;71;133m-[39m[38;2;255;71;133m-[39m[38;2;255;71;133m-[39m[38;2;255;71;133m-[39m[38;2;255;71;133m-[39m[38;2;255;71;133m-[39m[38;2;255;71;133m-[39m[38;2;255;71;133m-[39m[38;2;255;71;133m-[39m[38;2;255;71;133m-[39m[38;2;255;71;133m-[39m[38;2;255;71;133m-[39m[38;2;255;71;133m-[39m[38;2;255;71;133m-[39m[38;2;255;71;133m-[39m[38;2;255;71;133m-[39m[38;2;255;71;133m-[39m[38;2;255;71;133m-[39m[38;2;255;71;133m-[39m[38;2;255;71;133m-[39m[38;2;255;71;133m-[39m[38;2;255;71;133m-[39m[38;2;255;71;133m-[39m[38;2;255;71;133m-[39m[38;2;255;71;133m-[39m[38;2;255;71;133m-[39m[38;2;255;71;133m-[39m[38;2;255;71;133m-[39m[38;2;255;71;133m-[39m[38;2;255;71;133m-[39m[38;2;255;71;133m-[39m[38;2;255;71;133m-[39m[38;2;255;71;133m-[39m[38;2;255;71;133m-[39m[38;2;255;71;133m-[39m[38;2;255;71;133m-[39m[38;2;255;71;133m-[39m[38;2;255;71;133m-[39m[38;2;255;71;133m-[39m[38;2;255;71;133m-[39m[38;2;255;71;133m-[39m[38;2;255;71;133m-[39m[38;2;255;71;133m-[39m[38;2;255;71;133m-[39m[38;2;255;71;133m-[39m[38;2;255;71;133m-[39m[38;2;255;71;133m-[39m[38;2;255;71;133m-[39m[38;2;255;71;133m+[39m
| [38;2;255;71;133m|[39m   Storybook ready!                                     [38;2;255;71;133m|[39m
| [38;2;255;71;133m|[39m                                                        [38;2;255;71;133m|[39m
| [38;2;255;71;133m|[39m   - Local:                http://localhost:6006/       [38;2;255;71;133m|[39m
| [38;2;255;71;133m|[39m   - On your network:      http://192.168.1.37:6006/    [38;2;255;71;133m|[39m
| [38;2;255;71;133m|[39m                                                        [38;2;255;71;133m|[39m
| [38;2;255;71;133m+[39m[38;2;255;71;133m-[39m[38;2;255;71;133m-[39m[38;2;255;71;133m-[39m[38;2;255;71;133m-[39m[38;2;255;71;133m-[39m[38;2;255;71;133m-[39m[38;2;255;71;133m-[39m[38;2;255;71;133m-[39m[38;2;255;71;133m-[39m[38;2;255;71;133m-[39m[38;2;255;71;133m-[39m[38;2;255;71;133m-[39m[38;2;255;71;133m-[39m[38;2;255;71;133m-[39m[38;2;255;71;133m-[39m[38;2;255;71;133m-[39m[38;2;255;71;133m-[39m[38;2;255;71;133m-[39m[38;2;255;71;133m-[39m[38;2;255;71;133m-[39m[38;2;255;71;133m-[39m[38;2;255;71;133m-[39m[38;2;255;71;133m-[39m[38;2;255;71;133m-[39m[38;2;255;71;133m-[39m[38;2;255;71;133m-[39m[38;2;255;71;133m-[39m[38;2;255;71;133m-[39m[38;2;255;71;133m-[39m[38;2;255;71;133m-[39m[38;2;255;71;133m-[39m[38;2;255;71;133m-[39m[38;2;255;71;133m-[39m[38;2;255;71;133m-[39m[38;2;255;71;133m-[39m[38;2;255;71;133m-[39m[38;2;255;71;133m-[39m[38;2;255;71;133m-[39m[38;2;255;71;133m-[39m[38;2;255;71;133m-[39m[38;2;255;71;133m-[39m[38;2;255;71;133m-[39m[38;2;255;71;133m-[39m[38;2;255;71;133m-[39m[38;2;255;71;133m-[39m[38;2;255;71;133m-[39m[38;2;255;71;133m-[39m[38;2;255;71;133m-[39m[38;2;255;71;133m-[39m[38;2;255;71;133m-[39m[38;2;255;71;133m-[39m[38;2;255;71;133m-[39m[38;2;255;71;133m-[39m[38;2;255;71;133m-[39m[38;2;255;71;133m-[39m[38;2;255;71;133m-[39m[38;2;255;71;133m+[39m
[90m|[39m
[34m•[39m  [4m154 ms[24m for manager and [4m276 ms[24m for preview
[90m|[39m
[33m![39m  [43mVite[49m [33m[vite:css][postcss][39m
[90m|[39m  [33mC:\my-projects\call-cleaner\src\styles\components.css is empty
[90m|[39m  1  |  @charset "UTF-8";
[90m|[39m  2  |  @import "./animations.css";
[90m|[39m  3  |  @import "./components.css";
[90m|[39m  |  ^^^^^^^^^^^^^^^^^^^^^^^^^^^
[90m|[39m  4  |  @layer theme, base, components, utilities;
[90m|[39m  5  |  @layer theme {[39m
